// Jest Snapshot v1, https://goo.gl/fbAQLP

exports[`App Rendering renders without crashing 1`] = `
ShallowWrapper {
  "length": 1,
  Symbol(enzyme.__root__): [Circular],
  Symbol(enzyme.__unrendered__): <App />,
  Symbol(enzyme.__renderer__): Object {
    "batchedUpdates": [Function],
    "getNode": [Function],
    "render": [Function],
    "simulateEvent": [Function],
    "unmount": [Function],
  },
  Symbol(enzyme.__node__): Object {
    "instance": null,
    "key": undefined,
    "nodeType": "class",
    "props": Object {
      "children": <div
        className="App"
>
        <WithStyles(Grid)
                container={true}
                spacing={24}
        >
                <WithStyles(Grid)
                        item={true}
                        xs={12}
                >
                        <Connect(ChecklistBox) />
                </WithStyles(Grid)>
                <WithStyles(Grid)
                        item={true}
                        xs={6}
                        ys={2}
                >
                        <div />
                </WithStyles(Grid)>
        </WithStyles(Grid)>
</div>,
      "store": Object {
        "dispatch": [Function],
        "getState": [Function],
        "replaceReducer": [Function],
        "subscribe": [Function],
        Symbol(observable): [Function],
      },
    },
    "ref": null,
    "rendered": Object {
      "instance": null,
      "key": undefined,
      "nodeType": "host",
      "props": Object {
        "children": <WithStyles(Grid)
          container={true}
          spacing={24}
>
          <WithStyles(Grid)
                    item={true}
                    xs={12}
          >
                    <Connect(ChecklistBox) />
          </WithStyles(Grid)>
          <WithStyles(Grid)
                    item={true}
                    xs={6}
                    ys={2}
          >
                    <div />
          </WithStyles(Grid)>
</WithStyles(Grid)>,
        "className": "App",
      },
      "ref": null,
      "rendered": Object {
        "instance": null,
        "key": undefined,
        "nodeType": "class",
        "props": Object {
          "children": Array [
            <WithStyles(Grid)
              item={true}
              xs={12}
>
              <Connect(ChecklistBox) />
</WithStyles(Grid)>,
            <WithStyles(Grid)
              item={true}
              xs={6}
              ys={2}
>
              <div />
</WithStyles(Grid)>,
          ],
          "container": true,
          "spacing": 24,
        },
        "ref": null,
        "rendered": Array [
          Object {
            "instance": null,
            "key": undefined,
            "nodeType": "class",
            "props": Object {
              "children": <Connect(ChecklistBox) />,
              "item": true,
              "xs": 12,
            },
            "ref": null,
            "rendered": Object {
              "instance": null,
              "key": undefined,
              "nodeType": "class",
              "props": Object {},
              "ref": null,
              "rendered": null,
              "type": [Function],
            },
            "type": [Function],
          },
          Object {
            "instance": null,
            "key": undefined,
            "nodeType": "class",
            "props": Object {
              "children": <div />,
              "item": true,
              "xs": 6,
              "ys": 2,
            },
            "ref": null,
            "rendered": Object {
              "instance": null,
              "key": undefined,
              "nodeType": "host",
              "props": Object {},
              "ref": null,
              "rendered": null,
              "type": "div",
            },
            "type": [Function],
          },
        ],
        "type": [Function],
      },
      "type": "div",
    },
    "type": [Function],
  },
  Symbol(enzyme.__nodes__): Array [
    Object {
      "instance": null,
      "key": undefined,
      "nodeType": "class",
      "props": Object {
        "children": <div
          className="App"
>
          <WithStyles(Grid)
                    container={true}
                    spacing={24}
          >
                    <WithStyles(Grid)
                              item={true}
                              xs={12}
                    >
                              <Connect(ChecklistBox) />
                    </WithStyles(Grid)>
                    <WithStyles(Grid)
                              item={true}
                              xs={6}
                              ys={2}
                    >
                              <div />
                    </WithStyles(Grid)>
          </WithStyles(Grid)>
</div>,
        "store": Object {
          "dispatch": [Function],
          "getState": [Function],
          "replaceReducer": [Function],
          "subscribe": [Function],
          Symbol(observable): [Function],
        },
      },
      "ref": null,
      "rendered": Object {
        "instance": null,
        "key": undefined,
        "nodeType": "host",
        "props": Object {
          "children": <WithStyles(Grid)
            container={true}
            spacing={24}
>
            <WithStyles(Grid)
                        item={true}
                        xs={12}
            >
                        <Connect(ChecklistBox) />
            </WithStyles(Grid)>
            <WithStyles(Grid)
                        item={true}
                        xs={6}
                        ys={2}
            >
                        <div />
            </WithStyles(Grid)>
</WithStyles(Grid)>,
          "className": "App",
        },
        "ref": null,
        "rendered": Object {
          "instance": null,
          "key": undefined,
          "nodeType": "class",
          "props": Object {
            "children": Array [
              <WithStyles(Grid)
                item={true}
                xs={12}
>
                <Connect(ChecklistBox) />
</WithStyles(Grid)>,
              <WithStyles(Grid)
                item={true}
                xs={6}
                ys={2}
>
                <div />
</WithStyles(Grid)>,
            ],
            "container": true,
            "spacing": 24,
          },
          "ref": null,
          "rendered": Array [
            Object {
              "instance": null,
              "key": undefined,
              "nodeType": "class",
              "props": Object {
                "children": <Connect(ChecklistBox) />,
                "item": true,
                "xs": 12,
              },
              "ref": null,
              "rendered": Object {
                "instance": null,
                "key": undefined,
                "nodeType": "class",
                "props": Object {},
                "ref": null,
                "rendered": null,
                "type": [Function],
              },
              "type": [Function],
            },
            Object {
              "instance": null,
              "key": undefined,
              "nodeType": "class",
              "props": Object {
                "children": <div />,
                "item": true,
                "xs": 6,
                "ys": 2,
              },
              "ref": null,
              "rendered": Object {
                "instance": null,
                "key": undefined,
                "nodeType": "host",
                "props": Object {},
                "ref": null,
                "rendered": null,
                "type": "div",
              },
              "type": [Function],
            },
          ],
          "type": [Function],
        },
        "type": "div",
      },
      "type": [Function],
    },
  ],
  Symbol(enzyme.__options__): Object {
    "adapter": ReactSixteenAdapter {
      "options": Object {
        "enableComponentDidUpdateOnSetState": true,
      },
    },
    "disableLifecycleMethods": true,
  },
}
`;
